// Jest Snapshot v1, https://goo.gl/fbAQLP

exports[`should match snapshot 1`] = `
<div
  class="header"
>
  <h1
    class="title"
  >
    MADU
  </h1>
   
  <el-button
    class="logout-button"
    type="primary"
  >
    Se d√©connecter
  </el-button>
</div>
`;
