// Jest Snapshot v1, https://goo.gl/fbAQLP

exports[`should match snapshot 1`] = `
<div
  class="entry"
>
  <el-tooltip
    class="item"
    content="Home"
    effect="dark"
    placement="right-start"
  >
    <i
      style="font-size: 2rem;"
    />
  </el-tooltip>
</div>
`;
